// Jest Snapshot v1, https://goo.gl/fbAQLP

exports[`Deployed languages Deployed language list should match snapshot 1`] = `
Array [
  "HU",
  "KO",
  "ES",
  "JP",
  "FR",
  "EN",
  "ZH",
  "IT",
  "DE",
  "RU",
  "PT",
  "HE",
  "AR",
  "TR",
  "DA",
  "SV",
  "NO",
  "HI",
  "TL",
  "VI",
  "EO",
  "NL",
  "IC",
  "ID",
  "ENGB",
  "ESMX",
  "PTPT",
  "ZHYUE",
  "TH",
  "PL",
  "HAW",
  "MI",
  "SM",
  "EL",
  "FI",
  "ASE",
  "AIN",
  "FA",
  "ET",
  "HR",
  "SR",
  "BS",
  "SA",
]
`;
